
> my-app@0.0.0 build
> tsc -b && vite build

[36mvite v7.3.0 [32mbuilding client environment for production...[36m[39m
transforming...
node.exe : 
At line:1 char:1
+ & "C:\Program Files\nodejs/node.exe" 
"C:\Program Files\nodejs/node_mo ...
+ ~~~~~~~~~~~~~~~~~~~~~~~~~~~~~~~~~~~~~~~~~~
~~~~~~~~~~~~~~~~~~~~~~~~~~~
    + CategoryInfo          : NotSpecified: 
    (:String) [], RemoteException
    + FullyQualifiedErrorId : NativeCommand 
   Error
 
/fonts/Agatho.otf referenced in 
/fonts/Agatho.otf didn't resolve at build 
time, it will remain unchanged to be 
resolved at runtime

/fonts/Agatho.ttf referenced in 
/fonts/Agatho.ttf didn't resolve at build 
time, it will remain unchanged to be 
resolved at runtime
[32mΓ£ô[39m 2280 modules transformed.
rendering chunks...
computing gzip size...
[2mdist/[22m[32mindex.html                 [39m[1m[2m  0.72 kB[22m[1m[22m[2m Γöé gzip:   0.42 kB[22m
[2mdist/[22m[35massets/index-DTMgVoPW.css  [39m[1m[2m104.38 kB[22m[1m[22m[2m Γöé gzip:  17.99 kB[22m
[2mdist/[22m[36massets/index-BfRROWvq.js   [39m[1m[33m744.59 kB[39m[22m[2m Γöé gzip: 239.53 kB[22m
[33m
(!) Some chunks are larger than 500 kB 
after minification. Consider:
- Using dynamic import() to code-split the 
application
- Use 
build.rollupOptions.output.manualChunks to 
improve chunking: https://rollupjs.org/confi
guration-options/#output-manualchunks
- Adjust chunk size limit for this warning 
via build.chunkSizeWarningLimit.[39m
[32mΓ£ô built in 16.61s[39m
